// Jest Snapshot v1, https://goo.gl/fbAQLP

exports[`Snapshot 1`] = `
{
  "Mappings": {
    "ServiceprincipalMap": {
      "af-south-1": {
        "states": "states.af-south-1.amazonaws.com",
      },
      "ap-east-1": {
        "states": "states.ap-east-1.amazonaws.com",
      },
      "ap-northeast-1": {
        "states": "states.ap-northeast-1.amazonaws.com",
      },
      "ap-northeast-2": {
        "states": "states.ap-northeast-2.amazonaws.com",
      },
      "ap-northeast-3": {
        "states": "states.ap-northeast-3.amazonaws.com",
      },
      "ap-south-1": {
        "states": "states.ap-south-1.amazonaws.com",
      },
      "ap-south-2": {
        "states": "states.ap-south-2.amazonaws.com",
      },
      "ap-southeast-1": {
        "states": "states.ap-southeast-1.amazonaws.com",
      },
      "ap-southeast-2": {
        "states": "states.ap-southeast-2.amazonaws.com",
      },
      "ap-southeast-3": {
        "states": "states.ap-southeast-3.amazonaws.com",
      },
      "ap-southeast-4": {
        "states": "states.ap-southeast-4.amazonaws.com",
      },
      "ca-central-1": {
        "states": "states.ca-central-1.amazonaws.com",
      },
      "cn-north-1": {
        "states": "states.cn-north-1.amazonaws.com",
      },
      "cn-northwest-1": {
        "states": "states.cn-northwest-1.amazonaws.com",
      },
      "eu-central-1": {
        "states": "states.eu-central-1.amazonaws.com",
      },
      "eu-central-2": {
        "states": "states.eu-central-2.amazonaws.com",
      },
      "eu-north-1": {
        "states": "states.eu-north-1.amazonaws.com",
      },
      "eu-south-1": {
        "states": "states.eu-south-1.amazonaws.com",
      },
      "eu-south-2": {
        "states": "states.eu-south-2.amazonaws.com",
      },
      "eu-west-1": {
        "states": "states.eu-west-1.amazonaws.com",
      },
      "eu-west-2": {
        "states": "states.eu-west-2.amazonaws.com",
      },
      "eu-west-3": {
        "states": "states.eu-west-3.amazonaws.com",
      },
      "il-central-1": {
        "states": "states.il-central-1.amazonaws.com",
      },
      "me-central-1": {
        "states": "states.me-central-1.amazonaws.com",
      },
      "me-south-1": {
        "states": "states.me-south-1.amazonaws.com",
      },
      "sa-east-1": {
        "states": "states.sa-east-1.amazonaws.com",
      },
      "us-east-1": {
        "states": "states.us-east-1.amazonaws.com",
      },
      "us-east-2": {
        "states": "states.us-east-2.amazonaws.com",
      },
      "us-gov-east-1": {
        "states": "states.us-gov-east-1.amazonaws.com",
      },
      "us-gov-west-1": {
        "states": "states.us-gov-west-1.amazonaws.com",
      },
      "us-iso-east-1": {
        "states": "states.amazonaws.com",
      },
      "us-iso-west-1": {
        "states": "states.amazonaws.com",
      },
      "us-isob-east-1": {
        "states": "states.amazonaws.com",
      },
      "us-west-1": {
        "states": "states.us-west-1.amazonaws.com",
      },
      "us-west-2": {
        "states": "states.us-west-2.amazonaws.com",
      },
    },
  },
  "Outputs": {
    "LoggingAndMaskingWorkflowArn": {
      "Value": {
        "Ref": "LoggingAndMaskingWorkflow5912D138",
      },
    },
  },
  "Parameters": {
    "BootstrapVersion": {
      "Default": "/cdk-bootstrap/hnb659fds/version",
      "Description": "Version of the CDK Bootstrap resources in this environment, automatically retrieved from SSM Parameter Store. [cdk:skip]",
      "Type": "AWS::SSM::Parameter::Value<String>",
    },
  },
  "Resources": {
    "LoggingAndMaskingWorkflow5912D138": {
      "DeletionPolicy": "Delete",
      "DependsOn": [
        "LoggingAndMaskingWorkflowRoleDefaultPolicy8F375916",
        "LoggingAndMaskingWorkflowRoleC6C8C8FD",
      ],
      "Properties": {
        "DefinitionString": "{"StartAt":"LogInput","States":{"LogInput":{"Type":"Pass","End":true}},"TimeoutSeconds":5}",
        "LoggingConfiguration": {
          "Destinations": [
            {
              "CloudWatchLogsLogGroup": {
                "LogGroupArn": {
                  "Fn::GetAtt": [
                    "MaskedLogGroup196A9CAC",
                    "Arn",
                  ],
                },
              },
            },
          ],
          "IncludeExecutionData": true,
          "Level": "ALL",
        },
        "RoleArn": {
          "Fn::GetAtt": [
            "LoggingAndMaskingWorkflowRoleC6C8C8FD",
            "Arn",
          ],
        },
        "StateMachineName": "LoggingAndMaskingWorkflow",
        "StateMachineType": "EXPRESS",
      },
      "Type": "AWS::StepFunctions::StateMachine",
      "UpdateReplacePolicy": "Delete",
    },
    "LoggingAndMaskingWorkflowRoleC6C8C8FD": {
      "Properties": {
        "AssumeRolePolicyDocument": {
          "Statement": [
            {
              "Action": "sts:AssumeRole",
              "Effect": "Allow",
              "Principal": {
                "Service": {
                  "Fn::FindInMap": [
                    "ServiceprincipalMap",
                    {
                      "Ref": "AWS::Region",
                    },
                    "states",
                  ],
                },
              },
            },
          ],
          "Version": "2012-10-17",
        },
      },
      "Type": "AWS::IAM::Role",
    },
    "LoggingAndMaskingWorkflowRoleDefaultPolicy8F375916": {
      "Properties": {
        "PolicyDocument": {
          "Statement": [
            {
              "Action": [
                "logs:CreateLogDelivery",
                "logs:GetLogDelivery",
                "logs:UpdateLogDelivery",
                "logs:DeleteLogDelivery",
                "logs:ListLogDeliveries",
                "logs:PutResourcePolicy",
                "logs:DescribeResourcePolicies",
                "logs:DescribeLogGroups",
              ],
              "Effect": "Allow",
              "Resource": "*",
            },
          ],
          "Version": "2012-10-17",
        },
        "PolicyName": "LoggingAndMaskingWorkflowRoleDefaultPolicy8F375916",
        "Roles": [
          {
            "Ref": "LoggingAndMaskingWorkflowRoleC6C8C8FD",
          },
        ],
      },
      "Type": "AWS::IAM::Policy",
    },
    "MaskedLogGroup196A9CAC": {
      "DeletionPolicy": "Delete",
      "Properties": {
        "DataProtectionPolicy": {
          "configuration": {
            "customDataIdentifier": [],
          },
          "description": "Masks PII for name, address and email address",
          "name": "data-protection-policy-cdk",
          "statement": [
            {
              "dataIdentifier": [
                {
                  "Fn::Join": [
                    "",
                    [
                      "arn:",
                      {
                        "Ref": "AWS::Partition",
                      },
                      ":dataprotection::aws:data-identifier/Address",
                    ],
                  ],
                },
                {
                  "Fn::Join": [
                    "",
                    [
                      "arn:",
                      {
                        "Ref": "AWS::Partition",
                      },
                      ":dataprotection::aws:data-identifier/EmailAddress",
                    ],
                  ],
                },
                {
                  "Fn::Join": [
                    "",
                    [
                      "arn:",
                      {
                        "Ref": "AWS::Partition",
                      },
                      ":dataprotection::aws:data-identifier/Name",
                    ],
                  ],
                },
              ],
              "operation": {
                "audit": {
                  "findingsDestination": {
                    "cloudWatchLogs": {
                      "logGroup": {
                        "Ref": "PiiDetectedLogGroup3F5A247B",
                      },
                    },
                  },
                },
              },
              "sid": "audit-statement-cdk",
            },
            {
              "dataIdentifier": [
                {
                  "Fn::Join": [
                    "",
                    [
                      "arn:",
                      {
                        "Ref": "AWS::Partition",
                      },
                      ":dataprotection::aws:data-identifier/Address",
                    ],
                  ],
                },
                {
                  "Fn::Join": [
                    "",
                    [
                      "arn:",
                      {
                        "Ref": "AWS::Partition",
                      },
                      ":dataprotection::aws:data-identifier/EmailAddress",
                    ],
                  ],
                },
                {
                  "Fn::Join": [
                    "",
                    [
                      "arn:",
                      {
                        "Ref": "AWS::Partition",
                      },
                      ":dataprotection::aws:data-identifier/Name",
                    ],
                  ],
                },
              ],
              "operation": {
                "deidentify": {
                  "maskConfig": {},
                },
              },
              "sid": "redact-statement-cdk",
            },
          ],
          "version": "2021-06-01",
        },
        "RetentionInDays": 1,
      },
      "Type": "AWS::Logs::LogGroup",
      "UpdateReplacePolicy": "Delete",
    },
    "PiiDetectedLogGroup3F5A247B": {
      "DeletionPolicy": "Delete",
      "Properties": {
        "RetentionInDays": 1,
      },
      "Type": "AWS::Logs::LogGroup",
      "UpdateReplacePolicy": "Delete",
    },
  },
  "Rules": {
    "CheckBootstrapVersion": {
      "Assertions": [
        {
          "Assert": {
            "Fn::Not": [
              {
                "Fn::Contains": [
                  [
                    "1",
                    "2",
                    "3",
                    "4",
                    "5",
                  ],
                  {
                    "Ref": "BootstrapVersion",
                  },
                ],
              },
            ],
          },
          "AssertDescription": "CDK bootstrap stack version 6 required. Please run 'cdk bootstrap' with a recent version of the CDK CLI.",
        },
      ],
    },
  },
}
`;
